  FastText.cpp
C:\Users\yummy\Documents\언리얼\인프런\C++로 만들면서 배우는 게임 개발과 알고리즘 with Windows API\GameAlgorithmWithWindowsAPI\SWP\Game\FastText.cpp(48,48): warning C4267: '인수': 'size_t'에서 'int'(으)로 변환하면서 데이터가 손실될 수 있습니다.
  Main.cpp
  (소스 파일 '/FastText.cpp'을(를) 컴파일하는 중)
  
C:\Users\yummy\Documents\언리얼\인프런\C++로 만들면서 배우는 게임 개발과 알고리즘 with Windows API\GameAlgorithmWithWindowsAPI\SWP\Game\FastText.cpp(51,58): warning C4267: '인수': 'size_t'에서 'int'(으)로 변환하면서 데이터가 손실될 수 있습니다.
  (소스 파일 '/FastText.cpp'을(를) 컴파일하는 중)
  
C:\Users\yummy\Documents\언리얼\인프런\C++로 만들면서 배우는 게임 개발과 알고리즘 with Windows API\GameAlgorithmWithWindowsAPI\SWP\Game\Main.cpp(90,70): warning C4244: '인수': 'float'에서 'int'(으)로 변환하면서 데이터가 손실될 수 있습니다.
  (소스 파일 '/Main.cpp'을(를) 컴파일하는 중)
  
C:\Users\yummy\Documents\언리얼\인프런\C++로 만들면서 배우는 게임 개발과 알고리즘 with Windows API\GameAlgorithmWithWindowsAPI\SWP\Game\Main.cpp(90,52): warning C4244: '인수': 'float'에서 'int'(으)로 변환하면서 데이터가 손실될 수 있습니다.
  (소스 파일 '/Main.cpp'을(를) 컴파일하는 중)
  
C:\Users\yummy\Documents\언리얼\인프런\C++로 만들면서 배우는 게임 개발과 알고리즘 with Windows API\GameAlgorithmWithWindowsAPI\SWP\Game\Main.cpp(90,34): warning C4244: '인수': 'float'에서 'int'(으)로 변환하면서 데이터가 손실될 수 있습니다.
  (소스 파일 '/Main.cpp'을(를) 컴파일하는 중)
  
C:\Users\yummy\Documents\언리얼\인프런\C++로 만들면서 배우는 게임 개발과 알고리즘 with Windows API\GameAlgorithmWithWindowsAPI\SWP\Game\Main.cpp(90,18): warning C4244: '인수': 'float'에서 'int'(으)로 변환하면서 데이터가 손실될 수 있습니다.
  (소스 파일 '/Main.cpp'을(를) 컴파일하는 중)
  
  Text.cpp
C:\Users\yummy\Documents\언리얼\인프런\C++로 만들면서 배우는 게임 개발과 알고리즘 with Windows API\GameAlgorithmWithWindowsAPI\SWP\Game\Text.cpp(23,60): warning C4244: '인수': 'float'에서 'int'(으)로 변환하면서 데이터가 손실될 수 있습니다.
  (소스 파일 '/Text.cpp'을(를) 컴파일하는 중)
  
C:\Users\yummy\Documents\언리얼\인프런\C++로 만들면서 배우는 게임 개발과 알고리즘 with Windows API\GameAlgorithmWithWindowsAPI\SWP\Game\Text.cpp(23,30): warning C4267: '인수': 'size_t'에서 'int'(으)로 변환하면서 데이터가 손실될 수 있습니다.
  (소스 파일 '/Text.cpp'을(를) 컴파일하는 중)
  
C:\Users\yummy\Documents\언리얼\인프런\C++로 만들면서 배우는 게임 개발과 알고리즘 with Windows API\GameAlgorithmWithWindowsAPI\SWP\Game\Text.cpp(51,48): warning C4267: '인수': 'size_t'에서 'int'(으)로 변환하면서 데이터가 손실될 수 있습니다.
  (소스 파일 '/Text.cpp'을(를) 컴파일하는 중)
  
C:\Users\yummy\Documents\언리얼\인프런\C++로 만들면서 배우는 게임 개발과 알고리즘 with Windows API\GameAlgorithmWithWindowsAPI\SWP\Game\Text.cpp(54,58): warning C4267: '인수': 'size_t'에서 'int'(으)로 변환하면서 데이터가 손실될 수 있습니다.
  (소스 파일 '/Text.cpp'을(를) 컴파일하는 중)
  
  UI.cpp
C:\Users\yummy\Documents\언리얼\인프런\C++로 만들면서 배우는 게임 개발과 알고리즘 with Windows API\GameAlgorithmWithWindowsAPI\SWP\Game\UI.cpp(21,23): warning C4267: '=': 'size_t'에서 'int'(으)로 변환하면서 데이터가 손실될 수 있습니다.
  (소스 파일 '/UI.cpp'을(를) 컴파일하는 중)
  
  코드를 생성하고 있습니다...
  Game.vcxproj -> C:\Users\yummy\Documents\언리얼\인프런\C++로 만들면서 배우는 게임 개발과 알고리즘 with Windows API\GameAlgorithmWithWindowsAPI\SWP\x64\Debug\Game.exe
